// Jest Snapshot v1, https://goo.gl/fbAQLP

exports[`input 1`] = `<styled.input />`;
