// Jest Snapshot v1, https://goo.gl/fbAQLP

exports[`screen 1`] = `
<styled.div>
  <Connect(FlashContainer) />
</styled.div>
`;
